// Jest Snapshot v1, https://goo.gl/fbAQLP

exports[`Testing <Button> component should mount component correctly 1`] = `
<View
  accessible={true}
  collapsable={false}
  focusable={false}
  onClick={[Function]}
  onResponderGrant={[Function]}
  onResponderMove={[Function]}
  onResponderRelease={[Function]}
  onResponderTerminate={[Function]}
  onResponderTerminationRequest={[Function]}
  onStartShouldSetResponder={[Function]}
  style={
    Object {
      "alignItems": "center",
      "backgroundColor": "#334FFA",
      "borderRadius": 10,
      "display": "flex",
      "height": 50,
      "opacity": 1,
      "padding": 14,
      "width": "100%",
    }
  }
>
  <Text
    style={
      Object {
        "color": "#FFFFFF",
        "fontFamily": "Avenir",
        "fontSize": 22,
        "fontWeight": "900",
      }
    }
  >
    Test Button
  </Text>
</View>
`;
